../Core/Src/main.c:82:6:step_isr	40	static
../Core/Src/main.c:183:16:clamp_vel	16	static
../Core/Src/main.c:189:12:parse_vel_token	40	static
../Core/Src/main.c:206:6:process_command	56	static
../Core/Src/main.c:286:6:CDC_Receive_Handler	24	static
../Core/Src/main.c:297:6:process_serial_data	16	static
../Core/Src/main.c:323:5:main	8	static
../Core/Src/main.c:346:6:SystemClock_Config	88	static
../Core/Src/main.c:380:13:MX_TIM3_Init	8	static
../Core/Src/main.c:395:13:MX_GPIO_Init	40	static
../Core/Src/main.c:425:6:Error_Handler	4	static,ignoring_inline_asm
