../Core/Src/main.c:89:6:step_isr	72	static
../Core/Src/main.c:241:6:send_response	16	static
../Core/Src/main.c:246:6:process_command	112	static
../Core/Src/main.c:311:6:CDC_Receive_Handler	24	static
../Core/Src/main.c:322:6:process_serial_data	16	static
../Core/Src/main.c:348:5:main	8	static
../Core/Src/main.c:376:6:SystemClock_Config	88	static
../Core/Src/main.c:410:13:MX_TIM3_Init	8	static
../Core/Src/main.c:425:13:MX_GPIO_Init	40	static
../Core/Src/main.c:455:6:Error_Handler	4	static,ignoring_inline_asm
